Loaded files:
/Users/jacob/src/github.com/smartystreets/smartystreets-ruby-sdk/lib/smartystreets_ruby_sdk/request.rb
/Users/jacob/src/github.com/smartystreets/smartystreets-ruby-sdk/lib/smartystreets_ruby_sdk/exceptions.rb
/Users/jacob/src/github.com/smartystreets/smartystreets-ruby-sdk/lib/smartystreets_ruby_sdk/international_autocomplete/suggestion.rb
/Users/jacob/src/github.com/smartystreets/smartystreets-ruby-sdk/lib/smartystreets_ruby_sdk/international_autocomplete/client.rb
/Users/jacob/src/github.com/smartystreets/smartystreets-ruby-sdk/lib/smartystreets_ruby_sdk/json_able.rb
/Users/jacob/src/github.com/smartystreets/smartystreets-ruby-sdk/lib/smartystreets_ruby_sdk/international_autocomplete/lookup.rb
/Users/jacob/src/github.com/smartystreets/smartystreets-ruby-sdk/lib/smartystreets_ruby_sdk/response.rb
/Users/jacob/src/github.com/smartystreets/smartystreets-ruby-sdk/test/smartystreets_ruby_sdk/international_autocomplete/test_international_autocomplete_client.rb
/Users/jacob/src/github.com/smartystreets/smartystreets-ruby-sdk/test/smartystreets_ruby_sdk/international_autocomplete/test_lookup.rb
/Users/jacob/src/github.com/smartystreets/smartystreets-ruby-sdk/test/smartystreets_ruby_sdk/international_autocomplete/test_suggestion.rb
/Users/jacob/src/github.com/smartystreets/smartystreets-ruby-sdk/lib/smartystreets_ruby_sdk/international_street/lookup.rb
/Users/jacob/src/github.com/smartystreets/smartystreets-ruby-sdk/lib/smartystreets_ruby_sdk/international_street/metadata.rb
/Users/jacob/src/github.com/smartystreets/smartystreets-ruby-sdk/lib/smartystreets_ruby_sdk/international_street/rootlevel.rb
/Users/jacob/src/github.com/smartystreets/smartystreets-ruby-sdk/lib/smartystreets_ruby_sdk/international_street/components.rb
/Users/jacob/src/github.com/smartystreets/smartystreets-ruby-sdk/lib/smartystreets_ruby_sdk/international_street/changes.rb
/Users/jacob/src/github.com/smartystreets/smartystreets-ruby-sdk/lib/smartystreets_ruby_sdk/international_street/analysis.rb
/Users/jacob/src/github.com/smartystreets/smartystreets-ruby-sdk/lib/smartystreets_ruby_sdk/international_street/candidate.rb
/Users/jacob/src/github.com/smartystreets/smartystreets-ruby-sdk/lib/smartystreets_ruby_sdk/international_street/client.rb
/Users/jacob/src/github.com/smartystreets/smartystreets-ruby-sdk/lib/smartystreets_ruby_sdk/international_street/language_mode.rb
/Users/jacob/src/github.com/smartystreets/smartystreets-ruby-sdk/lib/smartystreets_ruby_sdk/international_street.rb
/Users/jacob/src/github.com/smartystreets/smartystreets-ruby-sdk/lib/smartystreets_ruby_sdk/native_serializer.rb
/Users/jacob/src/github.com/smartystreets/smartystreets-ruby-sdk/test/smartystreets_ruby_sdk/international_street/test_international_candidate.rb
/Users/jacob/src/github.com/smartystreets/smartystreets-ruby-sdk/test/smartystreets_ruby_sdk/international_street/test_international_client.rb
/Users/jacob/src/github.com/smartystreets/smartystreets-ruby-sdk/lib/smartystreets_ruby_sdk/shared_credentials.rb
/Users/jacob/src/github.com/smartystreets/smartystreets-ruby-sdk/lib/smartystreets_ruby_sdk/static_credentials.rb
/Users/jacob/src/github.com/smartystreets/smartystreets-ruby-sdk/lib/smartystreets_ruby_sdk/signing_sender.rb
/Users/jacob/src/github.com/smartystreets/smartystreets-ruby-sdk/test/smartystreets_ruby_sdk/test_auth.rb
/Users/jacob/src/github.com/smartystreets/smartystreets-ruby-sdk/lib/smartystreets_ruby_sdk/batch.rb
/Users/jacob/src/github.com/smartystreets/smartystreets-ruby-sdk/lib/smartystreets_ruby_sdk/us_street/lookup.rb
/Users/jacob/src/github.com/smartystreets/smartystreets-ruby-sdk/test/smartystreets_ruby_sdk/test_batch.rb
/Users/jacob/src/github.com/smartystreets/smartystreets-ruby-sdk/lib/smartystreets_ruby_sdk/version.rb
/Users/jacob/src/github.com/smartystreets/smartystreets-ruby-sdk/lib/smartystreets_ruby_sdk/native_sender.rb
/Users/jacob/src/github.com/smartystreets/smartystreets-ruby-sdk/lib/smartystreets_ruby_sdk/errors.rb
/Users/jacob/src/github.com/smartystreets/smartystreets-ruby-sdk/lib/smartystreets_ruby_sdk/status_code_sender.rb
/Users/jacob/src/github.com/smartystreets/smartystreets-ruby-sdk/lib/smartystreets_ruby_sdk/retry_sender.rb
/Users/jacob/src/github.com/smartystreets/smartystreets-ruby-sdk/lib/smartystreets_ruby_sdk/url_prefix_sender.rb
/Users/jacob/src/github.com/smartystreets/smartystreets-ruby-sdk/lib/smartystreets_ruby_sdk/license_sender.rb
/Users/jacob/src/github.com/smartystreets/smartystreets-ruby-sdk/lib/smartystreets_ruby_sdk/sleeper.rb
/Users/jacob/src/github.com/smartystreets/smartystreets-ruby-sdk/lib/smartystreets_ruby_sdk/logger.rb
/Users/jacob/src/github.com/smartystreets/smartystreets-ruby-sdk/lib/smartystreets_ruby_sdk/proxy.rb
/Users/jacob/src/github.com/smartystreets/smartystreets-ruby-sdk/lib/smartystreets_ruby_sdk/custom_header_sender.rb
/Users/jacob/src/github.com/smartystreets/smartystreets-ruby-sdk/lib/smartystreets_ruby_sdk/us_street/components.rb
/Users/jacob/src/github.com/smartystreets/smartystreets-ruby-sdk/lib/smartystreets_ruby_sdk/us_street/metadata.rb
/Users/jacob/src/github.com/smartystreets/smartystreets-ruby-sdk/lib/smartystreets_ruby_sdk/us_street/analysis.rb
/Users/jacob/src/github.com/smartystreets/smartystreets-ruby-sdk/lib/smartystreets_ruby_sdk/us_street/candidate.rb
/Users/jacob/src/github.com/smartystreets/smartystreets-ruby-sdk/lib/smartystreets_ruby_sdk/us_street/client.rb
/Users/jacob/src/github.com/smartystreets/smartystreets-ruby-sdk/lib/smartystreets_ruby_sdk/us_zipcode/city.rb
/Users/jacob/src/github.com/smartystreets/smartystreets-ruby-sdk/lib/smartystreets_ruby_sdk/us_zipcode/alternate_county.rb
/Users/jacob/src/github.com/smartystreets/smartystreets-ruby-sdk/lib/smartystreets_ruby_sdk/us_zipcode/zip_code.rb
/Users/jacob/src/github.com/smartystreets/smartystreets-ruby-sdk/lib/smartystreets_ruby_sdk/us_zipcode/result.rb
/Users/jacob/src/github.com/smartystreets/smartystreets-ruby-sdk/lib/smartystreets_ruby_sdk/us_zipcode/client.rb
/Users/jacob/src/github.com/smartystreets/smartystreets-ruby-sdk/lib/smartystreets_ruby_sdk/us_extract/address.rb
/Users/jacob/src/github.com/smartystreets/smartystreets-ruby-sdk/lib/smartystreets_ruby_sdk/us_extract/metadata.rb
/Users/jacob/src/github.com/smartystreets/smartystreets-ruby-sdk/lib/smartystreets_ruby_sdk/us_extract/result.rb
/Users/jacob/src/github.com/smartystreets/smartystreets-ruby-sdk/lib/smartystreets_ruby_sdk/us_street/match_type.rb
/Users/jacob/src/github.com/smartystreets/smartystreets-ruby-sdk/lib/smartystreets_ruby_sdk/us_extract/client.rb
/Users/jacob/src/github.com/smartystreets/smartystreets-ruby-sdk/lib/smartystreets_ruby_sdk/us_reverse_geo/coordinate.rb
/Users/jacob/src/github.com/smartystreets/smartystreets-ruby-sdk/lib/smartystreets_ruby_sdk/us_reverse_geo/address.rb
/Users/jacob/src/github.com/smartystreets/smartystreets-ruby-sdk/lib/smartystreets_ruby_sdk/us_reverse_geo/result.rb
/Users/jacob/src/github.com/smartystreets/smartystreets-ruby-sdk/lib/smartystreets_ruby_sdk/us_reverse_geo/us_reverse_geo_response.rb
/Users/jacob/src/github.com/smartystreets/smartystreets-ruby-sdk/lib/smartystreets_ruby_sdk/us_reverse_geo/client.rb
/Users/jacob/src/github.com/smartystreets/smartystreets-ruby-sdk/lib/smartystreets_ruby_sdk/us_autocomplete_pro/geolocation_type.rb
/Users/jacob/src/github.com/smartystreets/smartystreets-ruby-sdk/lib/smartystreets_ruby_sdk/us_autocomplete_pro/suggestion.rb
/Users/jacob/src/github.com/smartystreets/smartystreets-ruby-sdk/lib/smartystreets_ruby_sdk/us_autocomplete_pro/client.rb
/Users/jacob/src/github.com/smartystreets/smartystreets-ruby-sdk/lib/smartystreets_ruby_sdk/us_enrichment/property/financial/history_entry.rb
/Users/jacob/src/github.com/smartystreets/smartystreets-ruby-sdk/lib/smartystreets_ruby_sdk/us_enrichment/property/financial/attributes.rb
/Users/jacob/src/github.com/smartystreets/smartystreets-ruby-sdk/lib/smartystreets_ruby_sdk/us_enrichment/property/financial/response.rb
/Users/jacob/src/github.com/smartystreets/smartystreets-ruby-sdk/lib/smartystreets_ruby_sdk/us_enrichment/property/principal/attributes.rb
/Users/jacob/src/github.com/smartystreets/smartystreets-ruby-sdk/lib/smartystreets_ruby_sdk/us_enrichment/property/principal/response.rb
/Users/jacob/src/github.com/smartystreets/smartystreets-ruby-sdk/lib/smartystreets_ruby_sdk/us_enrichment/property/financial/lookup.rb
/Users/jacob/src/github.com/smartystreets/smartystreets-ruby-sdk/lib/smartystreets_ruby_sdk/us_enrichment/property/principal/lookup.rb
/Users/jacob/src/github.com/smartystreets/smartystreets-ruby-sdk/lib/smartystreets_ruby_sdk/us_enrichment/geo_reference/census_block_entry.rb
/Users/jacob/src/github.com/smartystreets/smartystreets-ruby-sdk/lib/smartystreets_ruby_sdk/us_enrichment/geo_reference/census_county_division_entry.rb
/Users/jacob/src/github.com/smartystreets/smartystreets-ruby-sdk/lib/smartystreets_ruby_sdk/us_enrichment/geo_reference/census_tract_entry.rb
/Users/jacob/src/github.com/smartystreets/smartystreets-ruby-sdk/lib/smartystreets_ruby_sdk/us_enrichment/geo_reference/core_based_stat_area_entry.rb
/Users/jacob/src/github.com/smartystreets/smartystreets-ruby-sdk/lib/smartystreets_ruby_sdk/us_enrichment/geo_reference/place_entry.rb
/Users/jacob/src/github.com/smartystreets/smartystreets-ruby-sdk/lib/smartystreets_ruby_sdk/us_enrichment/geo_reference/attributes.rb
/Users/jacob/src/github.com/smartystreets/smartystreets-ruby-sdk/lib/smartystreets_ruby_sdk/us_enrichment/geo_reference/response.rb
/Users/jacob/src/github.com/smartystreets/smartystreets-ruby-sdk/lib/smartystreets_ruby_sdk/us_enrichment/geo_reference/lookup.rb
/Users/jacob/src/github.com/smartystreets/smartystreets-ruby-sdk/lib/smartystreets_ruby_sdk/us_enrichment/secondary/root_address_entry.rb
/Users/jacob/src/github.com/smartystreets/smartystreets-ruby-sdk/lib/smartystreets_ruby_sdk/us_enrichment/secondary/aliases_entry.rb
/Users/jacob/src/github.com/smartystreets/smartystreets-ruby-sdk/lib/smartystreets_ruby_sdk/us_enrichment/secondary/secondaries_entry.rb
/Users/jacob/src/github.com/smartystreets/smartystreets-ruby-sdk/lib/smartystreets_ruby_sdk/us_enrichment/secondary/response.rb
/Users/jacob/src/github.com/smartystreets/smartystreets-ruby-sdk/lib/smartystreets_ruby_sdk/us_enrichment/secondary/lookup.rb
/Users/jacob/src/github.com/smartystreets/smartystreets-ruby-sdk/lib/smartystreets_ruby_sdk/us_enrichment/secondary/count/response.rb
/Users/jacob/src/github.com/smartystreets/smartystreets-ruby-sdk/lib/smartystreets_ruby_sdk/us_enrichment/secondary/count/lookup.rb
/Users/jacob/src/github.com/smartystreets/smartystreets-ruby-sdk/lib/smartystreets_ruby_sdk/us_enrichment/lookup.rb
/Users/jacob/src/github.com/smartystreets/smartystreets-ruby-sdk/lib/smartystreets_ruby_sdk/us_enrichment/client.rb
/Users/jacob/src/github.com/smartystreets/smartystreets-ruby-sdk/lib/smartystreets_ruby_sdk/client_builder.rb
/Users/jacob/src/github.com/smartystreets/smartystreets-ruby-sdk/test/smartystreets_ruby_sdk/test_client_builder.rb
/Users/jacob/src/github.com/smartystreets/smartystreets-ruby-sdk/test/smartystreets_ruby_sdk/test_custom_header_sender.rb
/Users/jacob/src/github.com/smartystreets/smartystreets-ruby-sdk/test/smartystreets_ruby_sdk/test_exceptions.rb
/Users/jacob/src/github.com/smartystreets/smartystreets-ruby-sdk/test/smartystreets_ruby_sdk/test_json_able.rb
/Users/jacob/src/github.com/smartystreets/smartystreets-ruby-sdk/test/smartystreets_ruby_sdk/test_license_sender.rb
/Users/jacob/src/github.com/smartystreets/smartystreets-ruby-sdk/test/smartystreets_ruby_sdk/test_native_sender.rb
/Users/jacob/src/github.com/smartystreets/smartystreets-ruby-sdk/test/smartystreets_ruby_sdk/test_native_serializer.rb
/Users/jacob/src/github.com/smartystreets/smartystreets-ruby-sdk/test/smartystreets_ruby_sdk/test_proxy.rb
/Users/jacob/src/github.com/smartystreets/smartystreets-ruby-sdk/test/smartystreets_ruby_sdk/test_request.rb
/Users/jacob/src/github.com/smartystreets/smartystreets-ruby-sdk/test/smartystreets_ruby_sdk/test_response.rb
/Users/jacob/src/github.com/smartystreets/smartystreets-ruby-sdk/test/smartystreets_ruby_sdk/test_retry_sender.rb
/Users/jacob/src/github.com/smartystreets/smartystreets-ruby-sdk/test/smartystreets_ruby_sdk/test_signing_sender.rb
/Users/jacob/src/github.com/smartystreets/smartystreets-ruby-sdk/test/smartystreets_ruby_sdk/test_status_code_sender.rb
/Users/jacob/src/github.com/smartystreets/smartystreets-ruby-sdk/test/smartystreets_ruby_sdk/test_url_prefix_sender.rb
/Users/jacob/src/github.com/smartystreets/smartystreets-ruby-sdk/lib/smartystreets_ruby_sdk/us_autocomplete_pro/lookup.rb
/Users/jacob/src/github.com/smartystreets/smartystreets-ruby-sdk/test/smartystreets_ruby_sdk/us_autocomplete_pro/test_autocomplete_pro_client.rb
/Users/jacob/src/github.com/smartystreets/smartystreets-ruby-sdk/test/smartystreets_ruby_sdk/us_autocomplete_pro/test_suggestion.rb
/Users/jacob/src/github.com/smartystreets/smartystreets-ruby-sdk/test/smartystreets_ruby_sdk/us_enrichment/test_client.rb
/Users/jacob/src/github.com/smartystreets/smartystreets-ruby-sdk/test/smartystreets_ruby_sdk/us_enrichment/test_geo_reference.rb
/Users/jacob/src/github.com/smartystreets/smartystreets-ruby-sdk/test/smartystreets_ruby_sdk/us_enrichment/test_property_financial.rb
/Users/jacob/src/github.com/smartystreets/smartystreets-ruby-sdk/test/smartystreets_ruby_sdk/us_enrichment/test_property_principal.rb
/Users/jacob/src/github.com/smartystreets/smartystreets-ruby-sdk/test/smartystreets_ruby_sdk/us_enrichment/test_secondary.rb
/Users/jacob/src/github.com/smartystreets/smartystreets-ruby-sdk/test/smartystreets_ruby_sdk/us_enrichment/test_secondary_count.rb
/Users/jacob/src/github.com/smartystreets/smartystreets-ruby-sdk/lib/smartystreets_ruby_sdk/us_extract/lookup.rb
/Users/jacob/src/github.com/smartystreets/smartystreets-ruby-sdk/test/smartystreets_ruby_sdk/us_extract/test_extract_client.rb
/Users/jacob/src/github.com/smartystreets/smartystreets-ruby-sdk/test/smartystreets_ruby_sdk/us_extract/test_result.rb
/Users/jacob/src/github.com/smartystreets/smartystreets-ruby-sdk/lib/smartystreets_ruby_sdk/us_reverse_geo/lookup.rb
/Users/jacob/src/github.com/smartystreets/smartystreets-ruby-sdk/lib/smartystreets_ruby_sdk/us_reverse_geo.rb
/Users/jacob/src/github.com/smartystreets/smartystreets-ruby-sdk/test/smartystreets_ruby_sdk/us_reverse_geo/test_us_reverse_geo_client.rb
/Users/jacob/src/github.com/smartystreets/smartystreets-ruby-sdk/test/smartystreets_ruby_sdk/us_reverse_geo/test_us_reverse_geo_response.rb
/Users/jacob/src/github.com/smartystreets/smartystreets-ruby-sdk/test/smartystreets_ruby_sdk/us_street/test_analysis.rb
/Users/jacob/src/github.com/smartystreets/smartystreets-ruby-sdk/test/smartystreets_ruby_sdk/us_street/test_candidate.rb
/Users/jacob/src/github.com/smartystreets/smartystreets-ruby-sdk/test/smartystreets_ruby_sdk/us_street/test_client.rb
/Users/jacob/src/github.com/smartystreets/smartystreets-ruby-sdk/test/smartystreets_ruby_sdk/us_street/test_components.rb
/Users/jacob/src/github.com/smartystreets/smartystreets-ruby-sdk/test/smartystreets_ruby_sdk/us_street/test_lookup.rb
/Users/jacob/src/github.com/smartystreets/smartystreets-ruby-sdk/test/smartystreets_ruby_sdk/us_street/test_metadata.rb
/Users/jacob/src/github.com/smartystreets/smartystreets-ruby-sdk/test/smartystreets_ruby_sdk/us_street/test_street_client.rb
/Users/jacob/src/github.com/smartystreets/smartystreets-ruby-sdk/test/smartystreets_ruby_sdk/us_zipcode/test_result.rb
/Users/jacob/src/github.com/smartystreets/smartystreets-ruby-sdk/lib/smartystreets_ruby_sdk/us_zipcode/lookup.rb
/Users/jacob/src/github.com/smartystreets/smartystreets-ruby-sdk/test/smartystreets_ruby_sdk/us_zipcode/test_zipcode_client.rb
Coverage report generated for Unit Tests to /Users/jacob/src/github.com/smartystreets/smartystreets-ruby-sdk/coverage.
Line Coverage: 27.92% (632 / 2264)
Branch Coverage: 0.0% (0 / 196)
Run options: --seed 34456

# Running:

.............................................................................................................................................S...............................................................................................

Finished in 0.007163s, 33086.6942 runs/s, 176322.7626 assertions/s.

237 runs, 1263 assertions, 0 failures, 0 errors, 1 skips

You have skipped tests. Run with --verbose for details.
